// Jest Snapshot v1, https://goo.gl/fbAQLP

exports[`TweetModal Match Snapshot 1`] = `
<button>
  Nothing to do for now
</button>
`;

exports[`TweetModal Matches the snapshot 1`] = `
<button>
  Nothing to do for now
</button>
`;
